[dotenv@17.3.1] injecting env (9) from .env -- tip: ÔÜÖ´©Å  load multiple .env files with { path: ['.env.local', '.env'] }
­ƒÜÇ Starting Tavily Search Tool Test (Phase 16)...

­ƒöÄ Running 3 search queries in parallel...
ÔÅ▒´©Å All 3 queries completed in 4068ms (parallel)

--------------------------------------------------
­ƒöÄ QUERY #1: "causes of the fall of the Roman Empire history"
­ƒôª Results: 5 found

  Ô£à Result 1:
     Title: Fall of the Roman Empire | History & Causes - Lesson
     URL:   https://study.com/academy/lesson/the-fall-of-rome.html
     Snippet: Fall of the Roman Empire | History & Causes - Lesson | Study.com. Ancient History/Classical Antiquity/Ancient Rome/Roman...

  Ô£à Result 2:
     Title: 8 Reasons Why Rome Fell: The Fall of Rome Explained
     URL:   https://www.history.com/articles/8-reasons-why-rome-fell
     Snippet: Historians cite multiple overlapping factors for the fall of the Western Roman Empire, ranging from economic collapse to...
--------------------------------------------------
­ƒöÄ QUERY #2: "how do mRNA vaccines work mechanism explained"
­ƒôª Results: 5 found

  Ô£à Result 1:
     Title: How do mRNA vaccines work? - IAVI
     URL:   https://www.iavi.org/video/how-do-mrna-vaccines-work/
     Snippet: Home / Videos / How do mRNA vaccines work? # How do mRNA vaccines work? When you get a messenger RNA (mRNA) vaccine, you...

  Ô£à Result 2:
     Title: What are mRNA vaccines and how do they work? - MedlinePlus
     URL:   https://medlineplus.gov/genetics/understanding/therapy/mrnavaccines/
     Snippet: What are mRNA vaccines and how do they work? # What are mRNA vaccines and how do they work? However, scientists have dev...
--------------------------------------------------
­ƒöÄ QUERY #3: "quantum computing impact on cryptography security"
­ƒôª Results: 5 found

  Ô£à Result 1:
     Title: Quantum Computing's Impact on Cryptography ÔÇö The Future of ...
     URL:   https://medium.com/@RocketMeUpCybersecurity/quantum-computings-impact-on-cryptography-the-future-of-encryption-1f8804205d86
     Snippet: # Quantum ComputingÔÇÖs Impact on Cryptography ÔÇö The Future of Encryption. In this article, weÔÇÖll explore how quantum comp...

  Ô£à Result 2:
     Title: Quantum Computing impact on Cryptography - YouTube
     URL:   https://www.youtube.com/watch?v=1cA1qOLaFGQ
     Snippet: Quantum Computing impact on Cryptography
IBM Technology
1620000 subscribers
344 likes
20982 views
10 Jun 2021
Learn more...

Ô£¿ Tavily Search Phase 16 test COMPLETE!
