{"level":"error","message":"GET /logs 401 130ms session:-","timestamp":"2026-03-26 12:20:56"}
{"level":"error","message":"GET /favicon.ico 404 4ms session:-","timestamp":"2026-03-26 12:20:57"}
{"level":"info","message":"OPTIONS /api/auth/login 204 6ms session:-","timestamp":"2026-05-31 22:54:35"}
{"level":"error","message":"POST /login 500 2049ms session:-","timestamp":"2026-05-31 22:54:38"}
{"level":"info","message":"OPTIONS /api/auth/login 204 9ms session:-","timestamp":"2026-05-31 22:56:49"}
{"level":"info","message":"POST /login 200 3983ms session:-","timestamp":"2026-05-31 22:56:53"}
{"level":"info","message":"OPTIONS /api/research/history 204 1ms session:-","timestamp":"2026-05-31 22:56:54"}
{"level":"info","message":"OPTIONS /api/research/history 204 1ms session:-","timestamp":"2026-05-31 22:56:54"}
{"level":"info","message":"GET /history 200 439ms session:-","timestamp":"2026-05-31 22:56:54"}
{"level":"info","message":"GET /history 304 308ms session:-","timestamp":"2026-05-31 22:56:54"}
{"level":"info","message":"OPTIONS /api/research 204 0ms session:-","timestamp":"2026-05-31 22:57:03"}
{"level":"info","message":"POST / 200 771ms session:d438df57-4b79-4289-9899-204bca0994fc","timestamp":"2026-05-31 22:57:04"}
{"level":"info","message":"Agent: planner | Session: d438df57-4b79-4289-9899-204bca0994fc | Duration: 940ms | Tokens: 300 | Status: success","timestamp":"2026-05-31 22:57:05"}
{"level":"info","message":"Agent: search | Session: d438df57-4b79-4289-9899-204bca0994fc | Duration: 2820ms | Tokens: 0 | Status: success","timestamp":"2026-05-31 22:57:08"}
{"level":"info","message":"Agent: rag | Session: d438df57-4b79-4289-9899-204bca0994fc | Duration: 11069ms | Tokens: 0 | Status: success","timestamp":"2026-05-31 22:57:16"}
{"level":"info","message":"OPTIONS /api/research/history 204 0ms session:-","timestamp":"2026-05-31 22:58:21"}
{"level":"info","message":"OPTIONS /api/research/history 204 0ms session:-","timestamp":"2026-05-31 22:58:21"}
{"level":"info","message":"GET /history 200 3920ms session:-","timestamp":"2026-05-31 22:58:25"}
{"level":"info","message":"GET /history 304 326ms session:-","timestamp":"2026-05-31 22:58:25"}
{"level":"info","message":"GET /history 304 314ms session:-","timestamp":"2026-05-31 22:58:26"}
{"level":"info","message":"GET /history 304 310ms session:-","timestamp":"2026-05-31 22:58:26"}
{"level":"info","message":"GET /d438df57-4b79-4289-9899-204bca0994fc/stream 200 108878ms session:d438df57-4b79-4289-9899-204bca0994fc","timestamp":"2026-05-31 23:00:16"}
{"level":"info","message":"OPTIONS /api/research/history 204 12ms session:-","timestamp":"2026-05-31 23:05:45"}
{"level":"info","message":"OPTIONS /api/research/history 204 0ms session:-","timestamp":"2026-05-31 23:05:45"}
{"level":"info","message":"OPTIONS /api/auth/me 204 2ms session:-","timestamp":"2026-05-31 23:05:47"}
{"level":"info","message":"GET /me 200 3499ms session:-","timestamp":"2026-05-31 23:05:51"}
{"level":"info","message":"OPTIONS /api/research/history 204 0ms session:-","timestamp":"2026-05-31 23:05:51"}
{"level":"info","message":"OPTIONS /api/research/history 204 0ms session:-","timestamp":"2026-05-31 23:05:51"}
{"level":"info","message":"GET /history 200 417ms session:-","timestamp":"2026-05-31 23:05:51"}
{"level":"info","message":"GET /history 304 513ms session:-","timestamp":"2026-05-31 23:05:52"}
{"level":"info","message":"OPTIONS /api/auth/me 204 1ms session:-","timestamp":"2026-05-31 23:06:14"}
{"level":"info","message":"GET /me 304 370ms session:-","timestamp":"2026-05-31 23:06:15"}
{"level":"info","message":"OPTIONS /api/research/history 204 0ms session:-","timestamp":"2026-05-31 23:06:15"}
{"level":"info","message":"OPTIONS /api/research/history 204 1ms session:-","timestamp":"2026-05-31 23:06:15"}
{"level":"info","message":"GET /history 304 392ms session:-","timestamp":"2026-05-31 23:06:15"}
{"level":"info","message":"GET /history 304 636ms session:-","timestamp":"2026-05-31 23:06:16"}
{"level":"info","message":"OPTIONS /api/auth/me 204 4ms session:-","timestamp":"2026-05-31 23:06:30"}
{"level":"info","message":"GET /me 304 564ms session:-","timestamp":"2026-05-31 23:06:30"}
{"level":"info","message":"OPTIONS /api/research/history 204 1ms session:-","timestamp":"2026-05-31 23:06:30"}
{"level":"info","message":"OPTIONS /api/research/history 204 1ms session:-","timestamp":"2026-05-31 23:06:30"}
{"level":"info","message":"GET /history 304 604ms session:-","timestamp":"2026-05-31 23:06:31"}
{"level":"info","message":"GET /history 304 630ms session:-","timestamp":"2026-05-31 23:06:32"}
{"level":"info","message":"OPTIONS /api/research/history 204 1ms session:-","timestamp":"2026-05-31 23:06:57"}
{"level":"info","message":"OPTIONS /api/research/history 204 1ms session:-","timestamp":"2026-05-31 23:06:57"}
{"level":"info","message":"GET /history 304 340ms session:-","timestamp":"2026-05-31 23:06:58"}
{"level":"info","message":"GET /history 304 631ms session:-","timestamp":"2026-05-31 23:06:58"}
{"level":"info","message":"OPTIONS /api/documents 204 0ms session:-","timestamp":"2026-05-31 23:06:59"}
{"level":"info","message":"OPTIONS /api/documents 204 1ms session:-","timestamp":"2026-05-31 23:06:59"}
{"level":"info","message":"GET / 200 480ms session:-","timestamp":"2026-05-31 23:07:00"}
{"level":"info","message":"GET / 304 387ms session:-","timestamp":"2026-05-31 23:07:00"}
{"level":"info","message":"GET /history 304 426ms session:-","timestamp":"2026-05-31 23:07:01"}
{"level":"info","message":"GET /history 304 661ms session:-","timestamp":"2026-05-31 23:07:02"}
{"level":"info","message":"OPTIONS /api/auth/me 204 1ms session:-","timestamp":"2026-05-31 23:07:06"}
