{"level":"error","message":"GET /logs 401 130ms session:-","timestamp":"2026-03-26 12:20:56"}
{"level":"error","message":"GET /favicon.ico 404 4ms session:-","timestamp":"2026-03-26 12:20:57"}
{"level":"error","message":"POST /login 500 2049ms session:-","timestamp":"2026-05-31 22:54:38"}
{"level":"error","message":"DELETE /5d8ce04e-8a67-41da-a618-03d6316c03db 500 15011ms session:5d8ce04e-8a67-41da-a618-03d6316c03db","timestamp":"2026-06-01 10:57:00"}
{"level":"error","message":"DELETE /0183b32c-f33e-417d-a92e-3a3293beaa2c 500 15009ms session:0183b32c-f33e-417d-a92e-3a3293beaa2c","timestamp":"2026-06-01 10:57:01"}
{"level":"error","message":"DELETE /9aad6fee-01ba-4825-bb61-94ddbb74bcf8 500 15028ms session:9aad6fee-01ba-4825-bb61-94ddbb74bcf8","timestamp":"2026-06-01 10:57:01"}
{"level":"error","message":"DELETE /391ba4e1-40a5-4677-b166-daf1ecbfb9e1 500 15016ms session:391ba4e1-40a5-4677-b166-daf1ecbfb9e1","timestamp":"2026-06-01 10:57:01"}
{"level":"error","message":"DELETE /4b737a36-a99b-48a4-a523-f3d3828dd6e4 500 15021ms session:4b737a36-a99b-48a4-a523-f3d3828dd6e4","timestamp":"2026-06-01 10:57:01"}
{"level":"error","message":"GET /history 500 15056ms session:-","timestamp":"2026-06-01 11:03:13"}
{"level":"error","message":"GET /history 500 15028ms session:-","timestamp":"2026-06-01 11:03:28"}
{"level":"error","message":"GET /history 500 15021ms session:-","timestamp":"2026-06-01 11:03:58"}
{"level":"error","message":"GET /history 500 15022ms session:-","timestamp":"2026-06-01 11:04:13"}
{"level":"error","message":"GET /history 500 15011ms session:-","timestamp":"2026-06-01 11:06:22"}
{"level":"error","message":"GET / 500 15020ms session:-","timestamp":"2026-06-01 11:06:26"}
{"level":"error","message":"GET /history 500 15023ms session:-","timestamp":"2026-06-01 11:06:37"}
{"level":"error","message":"GET /me 500 11930ms session:-","timestamp":"2026-06-01 11:12:45"}
{"level":"error","message":"POST /login 500 11771ms session:-","timestamp":"2026-06-01 11:13:50"}
{"level":"error","message":"POST /login 500 11779ms session:-","timestamp":"2026-06-01 11:14:14"}
{"level":"error","message":"GET /me 500 48073ms session:-","timestamp":"2026-06-01 16:44:22"}
{"level":"error","message":"POST /login 500 48127ms session:-","timestamp":"2026-06-01 16:45:23"}
{"level":"error","message":"POST /login 500 48094ms session:-","timestamp":"2026-06-01 16:50:10"}
{"level":"error","message":"POST /login 500 48111ms session:-","timestamp":"2026-06-01 16:54:48"}
{"level":"error","message":"POST /login 401 713ms session:-","timestamp":"2026-06-01 17:05:08"}
{"level":"error","message":"POST /login 401 97ms session:-","timestamp":"2026-06-01 17:05:38"}
{"level":"error","message":"POST /login 401 69ms session:-","timestamp":"2026-06-01 17:06:12"}
{"level":"error","message":"POST /login 401 78ms session:-","timestamp":"2026-06-01 17:06:18"}
{"level":"error","message":"POST /verify-email 400 398ms session:-","timestamp":"2026-06-01 17:14:10"}
{"level":"error","message":"POST /verify-email 400 357ms session:-","timestamp":"2026-06-01 17:16:00"}
{"level":"error","message":"POST /upload 500 2578ms session:5b983465-3203-4f70-b418-b3b583ade657","timestamp":"2026-06-01 18:26:13"}
{"level":"error","message":"POST /upload 500 4467ms session:5b983465-3203-4f70-b418-b3b583ade657","timestamp":"2026-06-01 18:28:49"}
{"level":"error","message":"POST /ingest-url 500 730ms session:5b983465-3203-4f70-b418-b3b583ade657","timestamp":"2026-06-01 18:56:48"}
